../LWIP/Target/ethernetif.c:138:6:HAL_ETH_MspInit	64	static
../LWIP/Target/ethernetif.c:212:6:HAL_ETH_MspDeInit	16	static
../LWIP/Target/ethernetif.c:259:6:HAL_ETH_RxCpltCallback	16	static
../LWIP/Target/ethernetif.c:278:13:low_level_init	192	static
../LWIP/Target/ethernetif.c:443:14:low_level_output	80	static
../LWIP/Target/ethernetif.c:489:22:low_level_input	104	static,ignoring_inline_asm
../LWIP/Target/ethernetif.c:535:6:ethernetif_input	24	static
../LWIP/Target/ethernetif.c:593:7:ethernetif_init	16	static
../LWIP/Target/ethernetif.c:637:6:pbuf_free_custom	24	static
../LWIP/Target/ethernetif.c:652:7:sys_jiffies	8	static
../LWIP/Target/ethernetif.c:663:7:sys_now	8	static
../LWIP/Target/ethernetif.c:678:9:ETH_PHY_IO_Init	8	static
../LWIP/Target/ethernetif.c:695:9:ETH_PHY_IO_DeInit	4	static
../LWIP/Target/ethernetif.c:707:9:ETH_PHY_IO_ReadReg	24	static
../LWIP/Target/ethernetif.c:724:9:ETH_PHY_IO_WriteReg	24	static
../LWIP/Target/ethernetif.c:738:9:ETH_PHY_IO_GetTick	8	static
../LWIP/Target/ethernetif.c:749:6:ethernet_link_thread	136	static
